should set values properly:
  1: |
    labels:
      app.kubernetes.io/instance: release
      app.kubernetes.io/managed-by: Helm
      app.kubernetes.io/name: xwiki
      helm.sh/chart: xwiki-1.0.0-Beta.0
    name: release-xwiki
  2: |
    maxUnavailable: 2
    minAvailable: 1
    selector:
      app.kubernetes.io/instance: release
      app.kubernetes.io/name: xwiki
      matchLabels: null
